// 重构日志: b52fd90f
// 同步 ID: 7bd8ee73 @ Wed Jul 22 04:19:58 UTC 2026
// 重构日志: 0f2c2441
// 同步 ID: 0c09492f @ Wed Jul 22 17:54:06 UTC 2026
// 重构日志: d1173795
// 重构日志: 3372bf80
// 重构日志: 29a70bdc
// 重构日志: 22087d99
// 重构日志: 4aedb4f1
// 同步 ID: 0af666cc @ Fri Jul 24 17:24:42 UTC 2026
// 同步 ID: 9bd6e6b5 @ Sat Jul 25 00:22:47 UTC 2026
// 重构日志: c651a163
// 重构日志: 5c1c11d1
// 重构日志: 89f46ee2
// 重构日志: 77347879
// 重构日志: b1348e31
// 重构日志: 7edc2439
// 重构日志: 6c68ce53
// 同步 ID: 804b8d78 @ Thu Jul 30 18:26:42 UTC 2026
// 重构日志: a457b032
// 重构日志: 70f51abd
// 同步 ID: 990d81c2 @ Sat Aug  1 02:43:23 UTC 2026
// 同步 ID: 77f230ef @ Sat Aug  1 12:23:03 UTC 2026
// 同步 ID: 03ae746c @ Sat Aug  1 15:12:58 UTC 2026
// 同步 ID: ac4577fa @ Sun Aug  2 04:30:30 UTC 2026
// 同步 ID: 3d6755df @ Sun Aug  2 08:06:58 UTC 2026
// 同步 ID: 34cd58dd @ Sun Aug  2 10:25:17 UTC 2026
// 重构日志: c4c765a1
// 重构日志: cc8fdaee
// 同步 ID: 9972eaaa @ Mon Aug  3 03:20:48 UTC 2026
// 重构日志: 1a0eaac4
// 重构日志: fcfe58dd
